// Vitest Snapshot v1, https://vitest.dev/guide/snapshot.html

exports[`App Component > display the page 1`] = `
<div>
  <button
    class="themeButton"
  >
    <img
      alt="theme-light-dark"
      class="iconImg"
      height="30px"
      src="/src/assets/theme-light-dark.png"
      width="30px"
    />
  </button>
  <h1>
    Where is Waldo - The Game
  </h1>
  <div>
    <p>
      loading...
    </p>
    <hr />
    <p>
      Dear user, this is a study project, please wait 1 minute for the server to wake up.
    </p>
  </div>
</div>
`;
