// Vitest Snapshot v1, https://vitest.dev/guide/snapshot.html

exports[`display the tag of characters > tags when 1 character have been founded 1`] = `
<div>
  <div>
    <div
      style="z-index: 1;"
    />
    <div
      style="z-index: 1;"
    />
    <div
      style="z-index: 1;"
    >
      <p
        role="tag"
        style="position: absolute; top: 237.56px; left: 414.62px; background-color: black; border: 1px solid white; color: yellow; font-size: 0.6rem; font-weight: 900;"
      >
        Courage the Cowardly Dog
      </p>
    </div>
  </div>
</div>
`;
