// Vitest Snapshot v1, https://vitest.dev/guide/snapshot.html

exports[`display the tag of characters > tags when 1 character have been founded 1`] = `
<div>
  <div>
    <div
      style="background-color: black; color: white; font-size: 0.6rem; border: 1px solid white;"
    />
    <div
      style="background-color: black; color: white; font-size: 0.6rem; border: 1px solid white;"
    />
    <div
      style="background-color: black; color: white; font-size: 0.6rem; border: 1px solid white;"
    >
      <p
        role="tag"
        style="position: absolute; top: 232.56px; left: 414.62px;"
      >
        Courage the Cowardly Dog
      </p>
    </div>
  </div>
</div>
`;
